------------------------------------------------------------
TimeQuest Timing Analyzer Summary
------------------------------------------------------------

Type  : Slow 1200mV 85C Model Setup 'ADC_CLK_10'
Slack : -927.091
TNS   : -9269.533

Type  : Slow 1200mV 85C Model Setup 'u0|adc_mega_0|ADC_CTRL|adc_pll|auto_generated|pll1|clk[0]'
Slack : -11.786
TNS   : -69.589

Type  : Slow 1200mV 85C Model Setup 'MAX10_CLK1_50'
Slack : -1.926
TNS   : -30.366

Type  : Slow 1200mV 85C Model Setup 'KEY[0]'
Slack : 0.341
TNS   : 0.000

Type  : Slow 1200mV 85C Model Setup 'u_spi_pll|altpll_component|auto_generated|pll1|clk[0]'
Slack : 8.925
TNS   : 0.000

Type  : Slow 1200mV 85C Model Hold 'ADC_CLK_10'
Slack : 0.231
TNS   : 0.000

Type  : Slow 1200mV 85C Model Hold 'u_spi_pll|altpll_component|auto_generated|pll1|clk[0]'
Slack : 0.325
TNS   : 0.000

Type  : Slow 1200mV 85C Model Hold 'MAX10_CLK1_50'
Slack : 0.330
TNS   : 0.000

Type  : Slow 1200mV 85C Model Hold 'KEY[0]'
Slack : 0.371
TNS   : 0.000

Type  : Slow 1200mV 85C Model Hold 'u0|adc_mega_0|ADC_CTRL|adc_pll|auto_generated|pll1|clk[0]'
Slack : 5.071
TNS   : 0.000

Type  : Slow 1200mV 85C Model Recovery 'MAX10_CLK1_50'
Slack : -1.713
TNS   : -36.858

Type  : Slow 1200mV 85C Model Recovery 'u_spi_pll|altpll_component|auto_generated|pll1|clk[0]'
Slack : 9.366
TNS   : 0.000

Type  : Slow 1200mV 85C Model Removal 'MAX10_CLK1_50'
Slack : 1.191
TNS   : 0.000

Type  : Slow 1200mV 85C Model Removal 'u_spi_pll|altpll_component|auto_generated|pll1|clk[0]'
Slack : 7.775
TNS   : 0.000

Type  : Slow 1200mV 85C Model Minimum Pulse Width 'KEY[0]'
Slack : -3.000
TNS   : -4.222

Type  : Slow 1200mV 85C Model Minimum Pulse Width 'u0|adc_mega_0|ADC_CTRL|adc_pll|auto_generated|pll1|clk[0]'
Slack : 4.375
TNS   : 0.000

Type  : Slow 1200mV 85C Model Minimum Pulse Width 'ADC_CLK_10'
Slack : 4.461
TNS   : 0.000

Type  : Slow 1200mV 85C Model Minimum Pulse Width 'MAX10_CLK1_50'
Slack : 9.571
TNS   : 0.000

Type  : Slow 1200mV 85C Model Minimum Pulse Width 'u_spi_pll|altpll_component|auto_generated|pll1|clk[0]'
Slack : 249.723
TNS   : 0.000

Type  : Slow 1200mV 0C Model Setup 'ADC_CLK_10'
Slack : -928.022
TNS   : -9278.996

Type  : Slow 1200mV 0C Model Setup 'u0|adc_mega_0|ADC_CTRL|adc_pll|auto_generated|pll1|clk[0]'
Slack : -10.149
TNS   : -59.814

Type  : Slow 1200mV 0C Model Setup 'MAX10_CLK1_50'
Slack : -1.704
TNS   : -26.969

Type  : Slow 1200mV 0C Model Setup 'KEY[0]'
Slack : 0.398
TNS   : 0.000

Type  : Slow 1200mV 0C Model Setup 'u_spi_pll|altpll_component|auto_generated|pll1|clk[0]'
Slack : 10.191
TNS   : 0.000

Type  : Slow 1200mV 0C Model Hold 'ADC_CLK_10'
Slack : 0.226
TNS   : 0.000

Type  : Slow 1200mV 0C Model Hold 'u_spi_pll|altpll_component|auto_generated|pll1|clk[0]'
Slack : 0.295
TNS   : 0.000

Type  : Slow 1200mV 0C Model Hold 'MAX10_CLK1_50'
Slack : 0.299
TNS   : 0.000

Type  : Slow 1200mV 0C Model Hold 'KEY[0]'
Slack : 0.338
TNS   : 0.000

Type  : Slow 1200mV 0C Model Hold 'u0|adc_mega_0|ADC_CTRL|adc_pll|auto_generated|pll1|clk[0]'
Slack : 3.675
TNS   : 0.000

Type  : Slow 1200mV 0C Model Recovery 'MAX10_CLK1_50'
Slack : -1.527
TNS   : -32.830

Type  : Slow 1200mV 0C Model Recovery 'u_spi_pll|altpll_component|auto_generated|pll1|clk[0]'
Slack : 10.579
TNS   : 0.000

Type  : Slow 1200mV 0C Model Removal 'MAX10_CLK1_50'
Slack : 1.180
TNS   : 0.000

Type  : Slow 1200mV 0C Model Removal 'u_spi_pll|altpll_component|auto_generated|pll1|clk[0]'
Slack : 6.856
TNS   : 0.000

Type  : Slow 1200mV 0C Model Minimum Pulse Width 'KEY[0]'
Slack : -3.000
TNS   : -4.222

Type  : Slow 1200mV 0C Model Minimum Pulse Width 'u0|adc_mega_0|ADC_CTRL|adc_pll|auto_generated|pll1|clk[0]'
Slack : 4.379
TNS   : 0.000

Type  : Slow 1200mV 0C Model Minimum Pulse Width 'ADC_CLK_10'
Slack : 4.477
TNS   : 0.000

Type  : Slow 1200mV 0C Model Minimum Pulse Width 'MAX10_CLK1_50'
Slack : 9.584
TNS   : 0.000

Type  : Slow 1200mV 0C Model Minimum Pulse Width 'u_spi_pll|altpll_component|auto_generated|pll1|clk[0]'
Slack : 249.712
TNS   : 0.000

Type  : Fast 1200mV 0C Model Setup 'ADC_CLK_10'
Slack : -844.491
TNS   : -8444.334

Type  : Fast 1200mV 0C Model Setup 'u0|adc_mega_0|ADC_CTRL|adc_pll|auto_generated|pll1|clk[0]'
Slack : -4.472
TNS   : -25.958

Type  : Fast 1200mV 0C Model Setup 'MAX10_CLK1_50'
Slack : -0.241
TNS   : -1.160

Type  : Fast 1200mV 0C Model Setup 'KEY[0]'
Slack : 0.694
TNS   : 0.000

Type  : Fast 1200mV 0C Model Setup 'u_spi_pll|altpll_component|auto_generated|pll1|clk[0]'
Slack : 13.259
TNS   : 0.000

Type  : Fast 1200mV 0C Model Hold 'u0|adc_mega_0|ADC_CTRL|adc_pll|auto_generated|pll1|clk[0]'
Slack : -0.161
TNS   : -0.513

Type  : Fast 1200mV 0C Model Hold 'ADC_CLK_10'
Slack : 0.106
TNS   : 0.000

Type  : Fast 1200mV 0C Model Hold 'u_spi_pll|altpll_component|auto_generated|pll1|clk[0]'
Slack : 0.149
TNS   : 0.000

Type  : Fast 1200mV 0C Model Hold 'MAX10_CLK1_50'
Slack : 0.152
TNS   : 0.000

Type  : Fast 1200mV 0C Model Hold 'KEY[0]'
Slack : 0.170
TNS   : 0.000

Type  : Fast 1200mV 0C Model Recovery 'MAX10_CLK1_50'
Slack : -0.990
TNS   : -21.378

Type  : Fast 1200mV 0C Model Recovery 'u_spi_pll|altpll_component|auto_generated|pll1|clk[0]'
Slack : 13.411
TNS   : 0.000

Type  : Fast 1200mV 0C Model Removal 'MAX10_CLK1_50'
Slack : 0.444
TNS   : 0.000

Type  : Fast 1200mV 0C Model Removal 'u_spi_pll|altpll_component|auto_generated|pll1|clk[0]'
Slack : 4.853
TNS   : 0.000

Type  : Fast 1200mV 0C Model Minimum Pulse Width 'KEY[0]'
Slack : -3.000
TNS   : -4.245

Type  : Fast 1200mV 0C Model Minimum Pulse Width 'ADC_CLK_10'
Slack : 4.272
TNS   : 0.000

Type  : Fast 1200mV 0C Model Minimum Pulse Width 'u0|adc_mega_0|ADC_CTRL|adc_pll|auto_generated|pll1|clk[0]'
Slack : 4.903
TNS   : 0.000

Type  : Fast 1200mV 0C Model Minimum Pulse Width 'MAX10_CLK1_50'
Slack : 9.327
TNS   : 0.000

Type  : Fast 1200mV 0C Model Minimum Pulse Width 'u_spi_pll|altpll_component|auto_generated|pll1|clk[0]'
Slack : 249.774
TNS   : 0.000

------------------------------------------------------------
